***A***
OUR COMMITS:
 Commit 1:
  Offered htlcs: 1
  Received htlcs:
  SIGNED
THEIR COMMITS:
 Commit 1:
  Offered htlcs:
  Received htlcs: 1
  SIGNED
***B***
OUR COMMITS:
 Commit 1:
  Offered htlcs:
  Received htlcs: 1
  SIGNED
THEIR COMMITS:
 Commit 1:
  Offered htlcs: 1
  Received htlcs:
  SIGNED
