***A***
OUR COMMITS:
 Commit 2:
  Offered htlcs:
  Received htlcs:
  SIGNED
THEIR COMMITS:
 Commit 2:
  Offered htlcs:
  Received htlcs:
  SIGNED
***B***
OUR COMMITS:
 Commit 2:
  Offered htlcs:
  Received htlcs:
  SIGNED
THEIR COMMITS:
 Commit 2:
  Offered htlcs:
  Received htlcs:
  SIGNED
