***A***
OUR COMMITS:
 Commit 1:
  Offered htlcs:
  Received htlcs:
  Fee level 2
  SIGNED
THEIR COMMITS:
 Commit 1:
  Offered htlcs:
  Received htlcs:
  SIGNED
***B***
OUR COMMITS:
 Commit 1:
  Offered htlcs:
  Received htlcs:
  SIGNED
THEIR COMMITS:
 Commit 1:
  Offered htlcs:
  Received htlcs:
  Fee level 2
  SIGNED
